

================================================================
== Vitis HLS Report for 'Block_entry211_proc'
================================================================
* Date:           Sat Jan 17 14:12:47 2026

* Version:        2023.2 (Build 4023990 on Oct 11 2023)
* Project:        krnl_proj_split
* Solution:       hls (Vitis Kernel Flow Target)
* Product family: virtexuplusHBM
* Target device:  xcu55c-fsvh2892-2L-e


================================================================
== Performance Estimates
================================================================
+ Timing: 
    * Summary: 
    +--------+---------+----------+------------+
    |  Clock |  Target | Estimated| Uncertainty|
    +--------+---------+----------+------------+
    |ap_clk  |  3.33 ns|  1.217 ns|     0.90 ns|
    +--------+---------+----------+------------+

+ Latency: 
    * Summary: 
    +---------+---------+----------+----------+-----+-----+---------+
    |  Latency (cycles) |  Latency (absolute) |  Interval | Pipeline|
    |   min   |   max   |    min   |    max   | min | max |   Type  |
    +---------+---------+----------+----------+-----+-----+---------+
    |        0|        0|      0 ns|      0 ns|    0|    0|       no|
    +---------+---------+----------+----------+-----+-----+---------+

    + Detail: 
        * Instance: 
        N/A

        * Loop: 
        N/A

============================================================
+ Verbose Summary: Synthesis Manager
============================================================
InlineROM: 1
ExposeGlobal: 0
============================================================
+ Verbose Summary: CDFG Model
============================================================
IsTopModel: 0
ResetActiveHigh: 1
IsCombinational: 2
IsDatapathOnly: 0
HasWiredReturn: 1
HasMFsm: 0
HasVarLatency: 0
IsPipeline: 0
IsRtlPipelined: 0
IsInstanceOverlapped: 0
IsDontTouch: 0
HasImplIP: 0
IsGatedGlobalClock: 0


============================================================
+ Verbose Summary: Schedule
============================================================
* Number of FSM states : 1
* Pipeline : 0
* Dataflow Pipeline: 0

* FSM state transitions: 
1 --> 

* FSM state operations: 

State 1 <SV = 0> <Delay = 1.21>
ST_1 : Operation 2 [1/1] (1.21ns)   --->   "%p_read_3 = read i64 @_ssdm_op_Read.ap_auto.i64, i64 %p_read" [/home/m2_2/shared/dat480-final/Project_kernels_HLS_split/src/krnl_proj_split.cpp:222]   --->   Operation 2 'read' 'p_read_3' <Predicate = true> <Delay = 1.21> <CoreInst = "FIFO_SRL">   --->   Core 81 'FIFO_SRL' <Latency = 0> <II = 1> <Delay = 1.42> <Storage> <Opcode : 'read' 'write' 'nbread' 'nbwrite'> <Ports = 0> <Width = -1> <Depth = -1> <FIFO>
ST_1 : Operation 3 [1/1] (0.00ns)   --->   "%write_ln222 = write void @_ssdm_op_Write.ap_auto.i64P0A, i64 %processed_bytes, i64 %p_read_3" [/home/m2_2/shared/dat480-final/Project_kernels_HLS_split/src/krnl_proj_split.cpp:222]   --->   Operation 3 'write' 'write_ln222' <Predicate = true> <Delay = 0.00>
ST_1 : Operation 4 [1/1] (0.00ns)   --->   "%write_ln223 = write void @_ssdm_op_Write.ap_auto.i64P0A, i64 %processed_cycles, i64 %p_read_3" [/home/m2_2/shared/dat480-final/Project_kernels_HLS_split/src/krnl_proj_split.cpp:223]   --->   Operation 4 'write' 'write_ln223' <Predicate = true> <Delay = 0.00>
ST_1 : Operation 5 [1/1] (0.00ns)   --->   "%ret_ln0 = ret"   --->   Operation 5 'ret' 'ret_ln0' <Predicate = true> <Delay = 0.00>


============================================================
+ Verbose Summary: Timing violations
============================================================
Target clock period: 3.333ns, clock uncertainty: 0.900ns.

 <State 1>: 1.217ns
The critical path consists of the following:
	wire read operation ('p_read_3', /home/m2_2/shared/dat480-final/Project_kernels_HLS_split/src/krnl_proj_split.cpp:222) on port 'p_read' (/home/m2_2/shared/dat480-final/Project_kernels_HLS_split/src/krnl_proj_split.cpp:222) [4]  (1.217 ns)


============================================================
+ Verbose Summary: Binding
============================================================
N/A
* FSMD analyzer results:
  - Output states:
 - Input state : 
  - Chain level:
	State 1


============================================================
+ Verbose Summary: Datapath Resource usage 
============================================================
N/A
