

================================================================
== Vitis HLS Report for 'matcher_engine_957_214_s'
================================================================
* Date:           Sat Jan 17 14:13:16 2026

* Version:        2023.2 (Build 4023990 on Oct 11 2023)
* Project:        krnl_proj_split
* Solution:       hls (Vitis Kernel Flow Target)
* Product family: virtexuplusHBM
* Target device:  xcu55c-fsvh2892-2L-e


================================================================
== Performance Estimates
================================================================
+ Timing: 
    * Summary: 
    +--------+---------+----------+------------+
    |  Clock |  Target | Estimated| Uncertainty|
    +--------+---------+----------+------------+
    |ap_clk  |  3.33 ns|  2.432 ns|     0.90 ns|
    +--------+---------+----------+------------+

+ Latency: 
    * Summary: 
    +---------+---------+----------+----------+-----+-----+---------+
    |  Latency (cycles) |  Latency (absolute) |  Interval | Pipeline|
    |   min   |   max   |    min   |    max   | min | max |   Type  |
    +---------+---------+----------+----------+-----+-----+---------+
    |        ?|        ?|         ?|         ?|    ?|    ?|       no|
    +---------+---------+----------+----------+-----+-----+---------+

    + Detail: 
        * Instance: 
        +---------------------------------------------------------------+-------------------------------------------------+---------+---------+----------+----------+-----+-----+---------+
        |                                                               |                                                 |  Latency (cycles) |  Latency (absolute) |  Interval | Pipeline|
        |                            Instance                           |                      Module                     |   min   |   max   |    min   |    max   | min | max |   Type  |
        +---------------------------------------------------------------+-------------------------------------------------+---------+---------+----------+----------+-----+-----+---------+
        |grp_matcher_engine_957_214_Pipeline_init_state_fu_198820       |matcher_engine_957_214_Pipeline_init_state       |      959|      959|  3.196 us|  3.196 us|  959|  959|       no|
        |grp_matcher_engine_957_214_Pipeline_reset_state_fu_198826      |matcher_engine_957_214_Pipeline_reset_state      |      959|      959|  3.196 us|  3.196 us|  959|  959|       no|
        |grp_matcher_engine_957_214_Pipeline_match_mask_loop_fu_198832  |matcher_engine_957_214_Pipeline_match_mask_loop  |      217|      217|  0.723 us|  0.723 us|  217|  217|       no|
        +---------------------------------------------------------------+-------------------------------------------------+---------+---------+----------+----------+-----+-----+---------+

        * Loop: 
        +-------------------+---------+---------+---------------+-----------+-----------+------+----------+
        |                   |  Latency (cycles) |   Iteration   |  Initiation Interval  | Trip |          |
        |     Loop Name     |   min   |   max   |    Latency    |  achieved |   target  | Count| Pipelined|
        +-------------------+---------+---------+---------------+-----------+-----------+------+----------+
        |- VITIS_LOOP_80_1  |        ?|        ?|  2873 ~ 213413|          -|          -|     ?|        no|
        | + pattern_loop    |     2871|   213411|        3 ~ 223|          -|          -|   957|        no|
        +-------------------+---------+---------+---------------+-----------+-----------+------+----------+



================================================================
== Utilization Estimates
================================================================
* Summary: 
+---------------------+---------+------+---------+---------+-----+
|         Name        | BRAM_18K|  DSP |    FF   |   LUT   | URAM|
+---------------------+---------+------+---------+---------+-----+
|DSP                  |        -|     -|        -|        -|    -|
|Expression           |        -|     -|        0|     2158|    -|
|FIFO                 |        -|     -|        -|        -|    -|
|Instance             |      100|     -|      271|     1603|    -|
|Memory               |       17|     -|        0|        0|    -|
|Multiplexer          |        -|     -|        -|      204|    -|
|Register             |        -|     -|      783|        -|    -|
+---------------------+---------+------+---------+---------+-----+
|Total                |      117|     0|     1054|     3965|    0|
+---------------------+---------+------+---------+---------+-----+
|Available SLR        |     1344|  3008|   869120|   434560|  320|
+---------------------+---------+------+---------+---------+-----+
|Utilization SLR (%)  |        8|     0|       ~0|       ~0|    0|
+---------------------+---------+------+---------+---------+-----+
|Available            |     4032|  9024|  2607360|  1303680|  960|
+---------------------+---------+------+---------+---------+-----+
|Utilization (%)      |        2|     0|       ~0|       ~0|    0|
+---------------------+---------+------+---------+---------+-----+

+ Detail: 
    * Instance: 
    +---------------------------------------------------------------+-------------------------------------------------+---------+----+-----+------+-----+
    |                            Instance                           |                      Module                     | BRAM_18K| DSP|  FF |  LUT | URAM|
    +---------------------------------------------------------------+-------------------------------------------------+---------+----+-----+------+-----+
    |grp_matcher_engine_957_214_Pipeline_init_state_fu_198820       |matcher_engine_957_214_Pipeline_init_state       |        0|   0|   12|    61|    0|
    |grp_matcher_engine_957_214_Pipeline_match_mask_loop_fu_198832  |matcher_engine_957_214_Pipeline_match_mask_loop  |      100|   0|  247|  1481|    0|
    |grp_matcher_engine_957_214_Pipeline_reset_state_fu_198826      |matcher_engine_957_214_Pipeline_reset_state      |        0|   0|   12|    61|    0|
    +---------------------------------------------------------------+-------------------------------------------------+---------+----+-----+------+-----+
    |Total                                                          |                                                 |      100|   0|  271|  1603|    0|
    +---------------------------------------------------------------+-------------------------------------------------+---------+----+-----+------+-----+

    * DSP: 
    N/A

    * Memory: 
    +--------------------+-------------------------------------------------------+---------+---+----+-----+------+-----+------+-------------+
    |       Memory       |                         Module                        | BRAM_18K| FF| LUT| URAM| Words| Bits| Banks| W*Bits*Banks|
    +--------------------+-------------------------------------------------------+---------+---+----+-----+------+-----+------+-------------+
    |pattern_id_LONG_U   |matcher_engine_957_214_s_pattern_id_LONG_ROM_AUTO_1R   |        1|  0|   0|    0|   957|   12|     1|        11484|
    |pattern_len_LONG_U  |matcher_engine_957_214_s_pattern_len_LONG_ROM_AUTO_1R  |        1|  0|   0|    0|   957|    8|     1|         7656|
    |state_U             |matcher_engine_957_214_s_state_RAM_1P_BRAM_1R1W        |       15|  0|   0|    0|   957|  213|     1|       203841|
    +--------------------+-------------------------------------------------------+---------+---+----+-----+------+-----+------+-------------+
    |Total               |                                                       |       17|  0|   0|    0|  2871|  233|     3|       222981|
    +--------------------+-------------------------------------------------------+---------+---+----+-----+------+-----+------+-------------+

    * FIFO: 
    N/A

    * Expression: 
    +---------------------------------+----------+----+---+-----+------------+------------+
    |          Variable Name          | Operation| DSP| FF| LUT | Bitwidth P0| Bitwidth P1|
    +---------------------------------+----------+----+---+-----+------------+------------+
    |add_ln104_fu_199378_p2           |         +|   0|  0|   17|          10|           1|
    |add_ln124_fu_199395_p2           |         +|   0|  0|   15|           8|           2|
    |add_ln64_fu_199366_p2            |         +|   0|  0|   25|          18|           8|
    |and_ln121_fu_199441_p2           |       and|   0|  0|  212|         213|         213|
    |and_ln124_1_fu_199448_p2         |       and|   0|  0|  213|         214|         214|
    |and_ln124_fu_199453_p2           |       and|   0|  0|  213|         214|         214|
    |ap_block_state9                  |       and|   0|  0|    2|           1|           1|
    |ap_predicate_op579_write_state9  |       and|   0|  0|    2|           1|           1|
    |icmp_ln104_fu_199372_p2          |      icmp|   0|  0|   17|          10|           8|
    |icmp_ln107_fu_199389_p2          |      icmp|   0|  0|   15|           8|           1|
    |icmp_ln124_fu_199459_p2          |      icmp|   0|  0|  221|         214|           1|
    |ap_block_state1                  |        or|   0|  0|    2|           1|           1|
    |ap_block_state3                  |        or|   0|  0|    2|           1|           1|
    |or_ln121_1_fu_199435_p2          |        or|   0|  0|  212|         213|           1|
    |or_ln121_fu_199425_p2            |        or|   0|  0|  213|         214|           1|
    |shl_ln124_fu_199404_p2           |       shl|   0|  0|  777|           1|         214|
    +---------------------------------+----------+----+---+-----+------------+------------+
    |Total                            |          |   0|  0| 2158|        1341|         882|
    +---------------------------------+----------+----+---+-----+------------+------------+

    * Multiplexer: 
    +--------------------+----+-----------+-----+-----------+
    |        Name        | LUT| Input Size| Bits| Total Bits|
    +--------------------+----+-----------+-----+-----------+
    |ap_NS_fsm           |  59|         11|    1|         11|
    |ap_done             |   9|          2|    1|          2|
    |long_bytes_blk_n    |   9|          2|    1|          2|
    |long_matches_blk_n  |   9|          2|    1|          2|
    |long_matches_din    |  14|          3|   33|         99|
    |p_2_reg_198797      |   9|          2|   10|         20|
    |phi_mul_reg_198808  |   9|          2|   18|         36|
    |state_address0      |  26|          5|   10|         50|
    |state_ce0           |  20|          4|    1|          4|
    |state_d0            |  20|          4|  213|        852|
    |state_we0           |  20|          4|    1|          4|
    +--------------------+----+-----------+-----+-----------+
    |Total               | 204|         41|  290|       1082|
    +--------------------+----+-----------+-----+-----------+

    * Register: 
    +----------------------------------------------------------------------------+-----+----+-----+-----------+
    |                                    Name                                    |  FF | LUT| Bits| Const Bits|
    +----------------------------------------------------------------------------+-----+----+-----+-----------+
    |add_ln104_reg_199502                                                        |   10|   0|   10|          0|
    |add_ln64_reg_199494                                                         |   18|   0|   18|          0|
    |ap_CS_fsm                                                                   |   10|   0|   10|          0|
    |ap_done_reg                                                                 |    1|   0|    1|          0|
    |dec_100_reg_120623                                                          |    1|   0|    1|          0|
    |dec_101_reg_119849                                                          |    1|   0|    1|          0|
    |dec_102_reg_119075                                                          |    1|   0|    1|          0|
    |dec_103_reg_118301                                                          |    1|   0|    1|          0|
    |dec_104_reg_117527                                                          |    1|   0|    1|          0|
    |dec_105_reg_116753                                                          |    1|   0|    1|          0|
    |dec_106_reg_115979                                                          |    1|   0|    1|          0|
    |dec_107_reg_115205                                                          |    1|   0|    1|          0|
    |dec_108_reg_114431                                                          |    1|   0|    1|          0|
    |dec_109_reg_113657                                                          |    1|   0|    1|          0|
    |dec_10_reg_190283                                                           |    1|   0|    1|          0|
    |dec_110_reg_112883                                                          |    1|   0|    1|          0|
    |dec_111_reg_112109                                                          |    1|   0|    1|          0|
    |dec_112_reg_111335                                                          |    1|   0|    1|          0|
    |dec_113_reg_110561                                                          |    1|   0|    1|          0|
    |dec_114_reg_109787                                                          |    1|   0|    1|          0|
    |dec_115_reg_109013                                                          |    1|   0|    1|          0|
    |dec_116_reg_108239                                                          |    1|   0|    1|          0|
    |dec_117_reg_107465                                                          |    1|   0|    1|          0|
    |dec_118_reg_106691                                                          |    1|   0|    1|          0|
    |dec_119_reg_105917                                                          |    1|   0|    1|          0|
    |dec_11_reg_189509                                                           |    1|   0|    1|          0|
    |dec_120_reg_105143                                                          |    1|   0|    1|          0|
    |dec_121_reg_104369                                                          |    1|   0|    1|          0|
    |dec_122_reg_103595                                                          |    1|   0|    1|          0|
    |dec_123_reg_102821                                                          |    1|   0|    1|          0|
    |dec_124_reg_102047                                                          |    1|   0|    1|          0|
    |dec_125_reg_101273                                                          |    1|   0|    1|          0|
    |dec_126_reg_100499                                                          |    1|   0|    1|          0|
    |dec_127_reg_99725                                                           |    1|   0|    1|          0|
    |dec_128_reg_98951                                                           |    1|   0|    1|          0|
    |dec_129_reg_98177                                                           |    1|   0|    1|          0|
    |dec_12_reg_188735                                                           |    1|   0|    1|          0|
    |dec_130_reg_97403                                                           |    1|   0|    1|          0|
    |dec_131_reg_96629                                                           |    1|   0|    1|          0|
    |dec_132_reg_95855                                                           |    1|   0|    1|          0|
    |dec_133_reg_95081                                                           |    1|   0|    1|          0|
    |dec_134_reg_94307                                                           |    1|   0|    1|          0|
    |dec_135_reg_93533                                                           |    1|   0|    1|          0|
    |dec_136_reg_92759                                                           |    1|   0|    1|          0|
    |dec_137_reg_91985                                                           |    1|   0|    1|          0|
    |dec_138_reg_91211                                                           |    1|   0|    1|          0|
    |dec_139_reg_90437                                                           |    1|   0|    1|          0|
    |dec_13_reg_187961                                                           |    1|   0|    1|          0|
    |dec_140_reg_89663                                                           |    1|   0|    1|          0|
    |dec_141_reg_88889                                                           |    1|   0|    1|          0|
    |dec_142_reg_88115                                                           |    1|   0|    1|          0|
    |dec_143_reg_87341                                                           |    1|   0|    1|          0|
    |dec_144_reg_86567                                                           |    1|   0|    1|          0|
    |dec_145_reg_85793                                                           |    1|   0|    1|          0|
    |dec_146_reg_85019                                                           |    1|   0|    1|          0|
    |dec_147_reg_84245                                                           |    1|   0|    1|          0|
    |dec_148_reg_83471                                                           |    1|   0|    1|          0|
    |dec_149_reg_82697                                                           |    1|   0|    1|          0|
    |dec_14_reg_187187                                                           |    1|   0|    1|          0|
    |dec_150_reg_81923                                                           |    1|   0|    1|          0|
    |dec_151_reg_81149                                                           |    1|   0|    1|          0|
    |dec_152_reg_80375                                                           |    1|   0|    1|          0|
    |dec_153_reg_79601                                                           |    1|   0|    1|          0|
    |dec_154_reg_78827                                                           |    1|   0|    1|          0|
    |dec_155_reg_78053                                                           |    1|   0|    1|          0|
    |dec_156_reg_77279                                                           |    1|   0|    1|          0|
    |dec_157_reg_76505                                                           |    1|   0|    1|          0|
    |dec_158_reg_75731                                                           |    1|   0|    1|          0|
    |dec_159_reg_74957                                                           |    1|   0|    1|          0|
    |dec_15_reg_186413                                                           |    1|   0|    1|          0|
    |dec_160_reg_74183                                                           |    1|   0|    1|          0|
    |dec_161_reg_73409                                                           |    1|   0|    1|          0|
    |dec_162_reg_72635                                                           |    1|   0|    1|          0|
    |dec_163_reg_71861                                                           |    1|   0|    1|          0|
    |dec_164_reg_71087                                                           |    1|   0|    1|          0|
    |dec_165_reg_70313                                                           |    1|   0|    1|          0|
    |dec_166_reg_69539                                                           |    1|   0|    1|          0|
    |dec_167_reg_68765                                                           |    1|   0|    1|          0|
    |dec_168_reg_67991                                                           |    1|   0|    1|          0|
    |dec_169_reg_67217                                                           |    1|   0|    1|          0|
    |dec_16_reg_185639                                                           |    1|   0|    1|          0|
    |dec_170_reg_66443                                                           |    1|   0|    1|          0|
    |dec_171_reg_65669                                                           |    1|   0|    1|          0|
    |dec_172_reg_64895                                                           |    1|   0|    1|          0|
    |dec_173_reg_64121                                                           |    1|   0|    1|          0|
    |dec_174_reg_63347                                                           |    1|   0|    1|          0|
    |dec_175_reg_62573                                                           |    1|   0|    1|          0|
    |dec_176_reg_61799                                                           |    1|   0|    1|          0|
    |dec_177_reg_61025                                                           |    1|   0|    1|          0|
    |dec_178_reg_60251                                                           |    1|   0|    1|          0|
    |dec_179_reg_59477                                                           |    1|   0|    1|          0|
    |dec_17_reg_184865                                                           |    1|   0|    1|          0|
    |dec_180_reg_58703                                                           |    1|   0|    1|          0|
    |dec_181_reg_57929                                                           |    1|   0|    1|          0|
    |dec_182_reg_57155                                                           |    1|   0|    1|          0|
    |dec_183_reg_56381                                                           |    1|   0|    1|          0|
    |dec_184_reg_55607                                                           |    1|   0|    1|          0|
    |dec_185_reg_54833                                                           |    1|   0|    1|          0|
    |dec_186_reg_54059                                                           |    1|   0|    1|          0|
    |dec_187_reg_53285                                                           |    1|   0|    1|          0|
    |dec_188_reg_52511                                                           |    1|   0|    1|          0|
    |dec_189_reg_51737                                                           |    1|   0|    1|          0|
    |dec_18_reg_184091                                                           |    1|   0|    1|          0|
    |dec_190_reg_50963                                                           |    1|   0|    1|          0|
    |dec_191_reg_50189                                                           |    1|   0|    1|          0|
    |dec_192_reg_49415                                                           |    1|   0|    1|          0|
    |dec_193_reg_48641                                                           |    1|   0|    1|          0|
    |dec_194_reg_47867                                                           |    1|   0|    1|          0|
    |dec_195_reg_47093                                                           |    1|   0|    1|          0|
    |dec_196_reg_46319                                                           |    1|   0|    1|          0|
    |dec_197_reg_45545                                                           |    1|   0|    1|          0|
    |dec_198_reg_44771                                                           |    1|   0|    1|          0|
    |dec_199_reg_43997                                                           |    1|   0|    1|          0|
    |dec_19_reg_183317                                                           |    1|   0|    1|          0|
    |dec_1_reg_197249                                                            |    1|   0|    1|          0|
    |dec_200_reg_43223                                                           |    1|   0|    1|          0|
    |dec_201_reg_42449                                                           |    1|   0|    1|          0|
    |dec_202_reg_41675                                                           |    1|   0|    1|          0|
    |dec_203_reg_40901                                                           |    1|   0|    1|          0|
    |dec_204_reg_40127                                                           |    1|   0|    1|          0|
    |dec_205_reg_39353                                                           |    1|   0|    1|          0|
    |dec_206_reg_38579                                                           |    1|   0|    1|          0|
    |dec_207_reg_37805                                                           |    1|   0|    1|          0|
    |dec_208_reg_37031                                                           |    1|   0|    1|          0|
    |dec_209_reg_36257                                                           |    1|   0|    1|          0|
    |dec_20_reg_182543                                                           |    1|   0|    1|          0|
    |dec_210_reg_35483                                                           |    1|   0|    1|          0|
    |dec_211_reg_34709                                                           |    1|   0|    1|          0|
    |dec_212_reg_33935                                                           |    1|   0|    1|          0|
    |dec_213_reg_33161                                                           |    1|   0|    1|          0|
    |dec_214_reg_32387                                                           |    1|   0|    1|          0|
    |dec_215_reg_31613                                                           |    1|   0|    1|          0|
    |dec_216_reg_30839                                                           |    1|   0|    1|          0|
    |dec_217_reg_30065                                                           |    1|   0|    1|          0|
    |dec_218_reg_29291                                                           |    1|   0|    1|          0|
    |dec_219_reg_28517                                                           |    1|   0|    1|          0|
    |dec_21_reg_181769                                                           |    1|   0|    1|          0|
    |dec_220_reg_27743                                                           |    1|   0|    1|          0|
    |dec_221_reg_26969                                                           |    1|   0|    1|          0|
    |dec_222_reg_26195                                                           |    1|   0|    1|          0|
    |dec_223_reg_25421                                                           |    1|   0|    1|          0|
    |dec_224_reg_24647                                                           |    1|   0|    1|          0|
    |dec_225_reg_23873                                                           |    1|   0|    1|          0|
    |dec_226_reg_23099                                                           |    1|   0|    1|          0|
    |dec_227_reg_22325                                                           |    1|   0|    1|          0|
    |dec_228_reg_21551                                                           |    1|   0|    1|          0|
    |dec_229_reg_20777                                                           |    1|   0|    1|          0|
    |dec_22_reg_180995                                                           |    1|   0|    1|          0|
    |dec_230_reg_20003                                                           |    1|   0|    1|          0|
    |dec_231_reg_19229                                                           |    1|   0|    1|          0|
    |dec_232_reg_18455                                                           |    1|   0|    1|          0|
    |dec_233_reg_17681                                                           |    1|   0|    1|          0|
    |dec_234_reg_16907                                                           |    1|   0|    1|          0|
    |dec_235_reg_16133                                                           |    1|   0|    1|          0|
    |dec_236_reg_15359                                                           |    1|   0|    1|          0|
    |dec_237_reg_14585                                                           |    1|   0|    1|          0|
    |dec_238_reg_13811                                                           |    1|   0|    1|          0|
    |dec_239_reg_13037                                                           |    1|   0|    1|          0|
    |dec_23_reg_180221                                                           |    1|   0|    1|          0|
    |dec_240_reg_12263                                                           |    1|   0|    1|          0|
    |dec_241_reg_11489                                                           |    1|   0|    1|          0|
    |dec_242_reg_10715                                                           |    1|   0|    1|          0|
    |dec_243_reg_9941                                                            |    1|   0|    1|          0|
    |dec_244_reg_9167                                                            |    1|   0|    1|          0|
    |dec_245_reg_8393                                                            |    1|   0|    1|          0|
    |dec_246_reg_7619                                                            |    1|   0|    1|          0|
    |dec_247_reg_6845                                                            |    1|   0|    1|          0|
    |dec_248_reg_6071                                                            |    1|   0|    1|          0|
    |dec_249_reg_5297                                                            |    1|   0|    1|          0|
    |dec_24_reg_179447                                                           |    1|   0|    1|          0|
    |dec_250_reg_4523                                                            |    1|   0|    1|          0|
    |dec_251_reg_3749                                                            |    1|   0|    1|          0|
    |dec_252_reg_2975                                                            |    1|   0|    1|          0|
    |dec_253_reg_2201                                                            |    1|   0|    1|          0|
    |dec_254_reg_1427                                                            |    1|   0|    1|          0|
    |dec_255_reg_653                                                             |    1|   0|    1|          0|
    |dec_25_reg_178673                                                           |    1|   0|    1|          0|
    |dec_26_reg_177899                                                           |    1|   0|    1|          0|
    |dec_27_reg_177125                                                           |    1|   0|    1|          0|
    |dec_28_reg_176351                                                           |    1|   0|    1|          0|
    |dec_29_reg_175577                                                           |    1|   0|    1|          0|
    |dec_2_reg_196475                                                            |    1|   0|    1|          0|
    |dec_30_reg_174803                                                           |    1|   0|    1|          0|
    |dec_31_reg_174029                                                           |    1|   0|    1|          0|
    |dec_32_reg_173255                                                           |    1|   0|    1|          0|
    |dec_33_reg_172481                                                           |    1|   0|    1|          0|
    |dec_34_reg_171707                                                           |    1|   0|    1|          0|
    |dec_35_reg_170933                                                           |    1|   0|    1|          0|
    |dec_36_reg_170159                                                           |    1|   0|    1|          0|
    |dec_37_reg_169385                                                           |    1|   0|    1|          0|
    |dec_38_reg_168611                                                           |    1|   0|    1|          0|
    |dec_39_reg_167837                                                           |    1|   0|    1|          0|
    |dec_3_reg_195701                                                            |    1|   0|    1|          0|
    |dec_40_reg_167063                                                           |    1|   0|    1|          0|
    |dec_41_reg_166289                                                           |    1|   0|    1|          0|
    |dec_42_reg_165515                                                           |    1|   0|    1|          0|
    |dec_43_reg_164741                                                           |    1|   0|    1|          0|
    |dec_44_reg_163967                                                           |    1|   0|    1|          0|
    |dec_45_reg_163193                                                           |    1|   0|    1|          0|
    |dec_46_reg_162419                                                           |    1|   0|    1|          0|
    |dec_47_reg_161645                                                           |    1|   0|    1|          0|
    |dec_48_reg_160871                                                           |    1|   0|    1|          0|
    |dec_49_reg_160097                                                           |    1|   0|    1|          0|
    |dec_4_reg_194927                                                            |    1|   0|    1|          0|
    |dec_50_reg_159323                                                           |    1|   0|    1|          0|
    |dec_51_reg_158549                                                           |    1|   0|    1|          0|
    |dec_52_reg_157775                                                           |    1|   0|    1|          0|
    |dec_53_reg_157001                                                           |    1|   0|    1|          0|
    |dec_54_reg_156227                                                           |    1|   0|    1|          0|
    |dec_55_reg_155453                                                           |    1|   0|    1|          0|
    |dec_56_reg_154679                                                           |    1|   0|    1|          0|
    |dec_57_reg_153905                                                           |    1|   0|    1|          0|
    |dec_58_reg_153131                                                           |    1|   0|    1|          0|
    |dec_59_reg_152357                                                           |    1|   0|    1|          0|
    |dec_5_reg_194153                                                            |    1|   0|    1|          0|
    |dec_60_reg_151583                                                           |    1|   0|    1|          0|
    |dec_61_reg_150809                                                           |    1|   0|    1|          0|
    |dec_62_reg_150035                                                           |    1|   0|    1|          0|
    |dec_63_reg_149261                                                           |    1|   0|    1|          0|
    |dec_64_reg_148487                                                           |    1|   0|    1|          0|
    |dec_65_reg_147713                                                           |    1|   0|    1|          0|
    |dec_66_reg_146939                                                           |    1|   0|    1|          0|
    |dec_67_reg_146165                                                           |    1|   0|    1|          0|
    |dec_68_reg_145391                                                           |    1|   0|    1|          0|
    |dec_69_reg_144617                                                           |    1|   0|    1|          0|
    |dec_6_reg_193379                                                            |    1|   0|    1|          0|
    |dec_70_reg_143843                                                           |    1|   0|    1|          0|
    |dec_71_reg_143069                                                           |    1|   0|    1|          0|
    |dec_72_reg_142295                                                           |    1|   0|    1|          0|
    |dec_73_reg_141521                                                           |    1|   0|    1|          0|
    |dec_74_reg_140747                                                           |    1|   0|    1|          0|
    |dec_75_reg_139973                                                           |    1|   0|    1|          0|
    |dec_76_reg_139199                                                           |    1|   0|    1|          0|
    |dec_77_reg_138425                                                           |    1|   0|    1|          0|
    |dec_78_reg_137651                                                           |    1|   0|    1|          0|
    |dec_79_reg_136877                                                           |    1|   0|    1|          0|
    |dec_7_reg_192605                                                            |    1|   0|    1|          0|
    |dec_80_reg_136103                                                           |    1|   0|    1|          0|
    |dec_81_reg_135329                                                           |    1|   0|    1|          0|
    |dec_82_reg_134555                                                           |    1|   0|    1|          0|
    |dec_83_reg_133781                                                           |    1|   0|    1|          0|
    |dec_84_reg_133007                                                           |    1|   0|    1|          0|
    |dec_85_reg_132233                                                           |    1|   0|    1|          0|
    |dec_86_reg_131459                                                           |    1|   0|    1|          0|
    |dec_87_reg_130685                                                           |    1|   0|    1|          0|
    |dec_88_reg_129911                                                           |    1|   0|    1|          0|
    |dec_89_reg_129137                                                           |    1|   0|    1|          0|
    |dec_8_reg_191831                                                            |    1|   0|    1|          0|
    |dec_90_reg_128363                                                           |    1|   0|    1|          0|
    |dec_91_reg_127589                                                           |    1|   0|    1|          0|
    |dec_92_reg_126815                                                           |    1|   0|    1|          0|
    |dec_93_reg_126041                                                           |    1|   0|    1|          0|
    |dec_94_reg_125267                                                           |    1|   0|    1|          0|
    |dec_95_reg_124493                                                           |    1|   0|    1|          0|
    |dec_96_reg_123719                                                           |    1|   0|    1|          0|
    |dec_97_reg_122945                                                           |    1|   0|    1|          0|
    |dec_98_reg_122171                                                           |    1|   0|    1|          0|
    |dec_99_reg_121397                                                           |    1|   0|    1|          0|
    |dec_9_reg_191057                                                            |    1|   0|    1|          0|
    |dec_reg_198023                                                              |    1|   0|    1|          0|
    |grp_matcher_engine_957_214_Pipeline_init_state_fu_198820_ap_start_reg       |    1|   0|    1|          0|
    |grp_matcher_engine_957_214_Pipeline_match_mask_loop_fu_198832_ap_start_reg  |    1|   0|    1|          0|
    |grp_matcher_engine_957_214_Pipeline_reset_state_fu_198826_ap_start_reg      |    1|   0|    1|          0|
    |icmp_ln107_reg_199524                                                       |    1|   0|    1|          0|
    |icmp_ln124_reg_199544                                                       |    1|   0|    1|          0|
    |len_reg_199518                                                              |    8|   0|    8|          0|
    |p_2_reg_198797                                                              |   10|   0|   10|          0|
    |phi_mul_reg_198808                                                          |   18|   0|   18|          0|
    |shl_ln124_reg_199539                                                        |  214|   0|  214|          0|
    |state_addr_reg_199528                                                       |   10|   0|   10|          0|
    |state_load_reg_199533                                                       |  213|   0|  213|          0|
    |zext_ln104_reg_199507                                                       |   10|   0|   64|         54|
    +----------------------------------------------------------------------------+-----+----+-----+-----------+
    |Total                                                                       |  783|   0|  837|         54|
    +----------------------------------------------------------------------------+-----+----+-----+-----------+



================================================================
== Interface
================================================================
* Summary: 
+-----------------------------+-----+-----+------------+--------------------------+--------------+
|          RTL Ports          | Dir | Bits|  Protocol  |       Source Object      |    C Type    |
+-----------------------------+-----+-----+------------+--------------------------+--------------+
|ap_clk                       |   in|    1|  ap_ctrl_hs|  matcher_engine<957, 214>|  return value|
|ap_rst                       |   in|    1|  ap_ctrl_hs|  matcher_engine<957, 214>|  return value|
|ap_start                     |   in|    1|  ap_ctrl_hs|  matcher_engine<957, 214>|  return value|
|ap_done                      |  out|    1|  ap_ctrl_hs|  matcher_engine<957, 214>|  return value|
|ap_continue                  |   in|    1|  ap_ctrl_hs|  matcher_engine<957, 214>|  return value|
|ap_idle                      |  out|    1|  ap_ctrl_hs|  matcher_engine<957, 214>|  return value|
|ap_ready                     |  out|    1|  ap_ctrl_hs|  matcher_engine<957, 214>|  return value|
|long_bytes_dout              |   in|    9|     ap_fifo|                long_bytes|       pointer|
|long_bytes_num_data_valid    |   in|    7|     ap_fifo|                long_bytes|       pointer|
|long_bytes_fifo_cap          |   in|    7|     ap_fifo|                long_bytes|       pointer|
|long_bytes_empty_n           |   in|    1|     ap_fifo|                long_bytes|       pointer|
|long_bytes_read              |  out|    1|     ap_fifo|                long_bytes|       pointer|
|long_matches_din             |  out|   33|     ap_fifo|              long_matches|       pointer|
|long_matches_num_data_valid  |   in|    7|     ap_fifo|              long_matches|       pointer|
|long_matches_fifo_cap        |   in|    7|     ap_fifo|              long_matches|       pointer|
|long_matches_full_n          |   in|    1|     ap_fifo|              long_matches|       pointer|
|long_matches_write           |  out|    1|     ap_fifo|              long_matches|       pointer|
+-----------------------------+-----+-----+------------+--------------------------+--------------+

