

================================================================
== Vitis HLS Report for 'matcher_engine_957_214_Pipeline_match_mask_loop'
================================================================
* Date:           Sat Jan 17 14:13:01 2026

* Version:        2023.2 (Build 4023990 on Oct 11 2023)
* Project:        krnl_proj_split
* Solution:       hls (Vitis Kernel Flow Target)
* Product family: virtexuplusHBM
* Target device:  xcu55c-fsvh2892-2L-e


================================================================
== Performance Estimates
================================================================
+ Timing: 
    * Summary: 
    +--------+---------+----------+------------+
    |  Clock |  Target | Estimated| Uncertainty|
    +--------+---------+----------+------------+
    |ap_clk  |  3.33 ns|  2.432 ns|     0.90 ns|
    +--------+---------+----------+------------+

+ Latency: 
    * Summary: 
    +---------+---------+----------+----------+-----+-----+---------+
    |  Latency (cycles) |  Latency (absolute) |  Interval | Pipeline|
    |   min   |   max   |    min   |    max   | min | max |   Type  |
    +---------+---------+----------+----------+-----+-----+---------+
    |      217|      217|  0.723 us|  0.723 us|  217|  217|       no|
    +---------+---------+----------+----------+-----+-----+---------+

    + Detail: 
        * Instance: 
        N/A

        * Loop: 
        +-------------------+---------+---------+----------+-----------+-----------+------+----------+
        |                   |  Latency (cycles) | Iteration|  Initiation Interval  | Trip |          |
        |     Loop Name     |   min   |   max   |  Latency |  achieved |   target  | Count| Pipelined|
        +-------------------+---------+---------+----------+-----------+-----------+------+----------+
        |- match_mask_loop  |      215|      215|         3|          1|          1|   214|       yes|
        +-------------------+---------+---------+----------+-----------+-----------+------+----------+



================================================================
== Utilization Estimates
================================================================
* Summary: 
+---------------------+---------+------+---------+---------+-----+
|         Name        | BRAM_18K|  DSP |    FF   |   LUT   | URAM|
+---------------------+---------+------+---------+---------+-----+
|DSP                  |        -|     -|        -|        -|    -|
|Expression           |        -|     -|        0|       74|    -|
|FIFO                 |        -|     -|        -|        -|    -|
|Instance             |        -|     -|        0|     1362|    -|
|Memory               |      100|     -|        0|        0|    -|
|Multiplexer          |        -|     -|        -|       45|    -|
|Register             |        -|     -|      247|        -|    -|
+---------------------+---------+------+---------+---------+-----+
|Total                |      100|     0|      247|     1481|    0|
+---------------------+---------+------+---------+---------+-----+
|Available SLR        |     1344|  3008|   869120|   434560|  320|
+---------------------+---------+------+---------+---------+-----+
|Utilization SLR (%)  |        7|     0|       ~0|       ~0|    0|
+---------------------+---------+------+---------+---------+-----+
|Available            |     4032|  9024|  2607360|  1303680|  960|
+---------------------+---------+------+---------+---------+-----+
|Utilization (%)      |        2|     0|       ~0|       ~0|    0|
+---------------------+---------+------+---------+---------+-----+

+ Detail: 
    * Instance: 
    +----------------------------+-----------------------+---------+----+---+------+-----+
    |          Instance          |         Module        | BRAM_18K| DSP| FF|  LUT | URAM|
    +----------------------------+-----------------------+---------+----+---+------+-----+
    |sparsemux_513_8_1_1_1_U324  |sparsemux_513_8_1_1_1  |        0|   0|  0|  1362|    0|
    +----------------------------+-----------------------+---------+----+---+------+-----+
    |Total                       |                       |        0|   0|  0|  1362|    0|
    +----------------------------+-----------------------+---------+----+---+------+-----+

    * DSP: 
    N/A

    * Memory: 
    +----------------------+--------------------------------------------------------------------------------+---------+---+----+-----+--------+-----+------+-------------+
    |        Memory        |                                     Module                                     | BRAM_18K| FF| LUT| URAM|  Words | Bits| Banks| W*Bits*Banks|
    +----------------------+--------------------------------------------------------------------------------+---------+---+----+-----+--------+-----+------+-------------+
    |pattern_bytes_LONG_U  |matcher_engine_957_214_Pipeline_match_mask_loop_pattern_bytes_LONG_ROM_AUTO_1R  |      100|  0|   0|    0|  204798|    8|     1|      1638384|
    +----------------------+--------------------------------------------------------------------------------+---------+---+----+-----+--------+-----+------+-------------+
    |Total                 |                                                                                |      100|  0|   0|    0|  204798|    8|     1|      1638384|
    +----------------------+--------------------------------------------------------------------------------+---------+---+----+-----+--------+-----+------+-------------+

    * FIFO: 
    N/A

    * Expression: 
    +-----------------------+----------+----+---+----+------------+------------+
    |     Variable Name     | Operation| DSP| FF| LUT| Bitwidth P0| Bitwidth P1|
    +-----------------------+----------+----+---+----+------------+------------+
    |add_ln112_fu_2663_p2   |         +|   0|  0|  15|           8|           1|
    |add_ln114_fu_2673_p2   |         +|   0|  0|  25|          18|          18|
    |and_ln113_fu_3474_p2   |       and|   0|  0|   2|           1|           1|
    |icmp_ln112_fu_2657_p2  |      icmp|   0|  0|  15|           8|           7|
    |icmp_ln113_fu_2684_p2  |      icmp|   0|  0|  15|           8|           8|
    |ap_enable_pp0          |       xor|   0|  0|   2|           1|           2|
    +-----------------------+----------+----+---+----+------------+------------+
    |Total                  |          |   0|  0|  74|          44|          37|
    +-----------------------+----------+----+---+----+------------+------------+

    * Multiplexer: 
    +-------------------------+----+-----------+-----+-----------+
    |           Name          | LUT| Input Size| Bits| Total Bits|
    +-------------------------+----+-----------+-----+-----------+
    |ap_done_int              |   9|          2|    1|          2|
    |ap_enable_reg_pp0_iter1  |   9|          2|    1|          2|
    |ap_sig_allocacmp_k_1     |   9|          2|    8|         16|
    |k_fu_1072                |   9|          2|    8|         16|
    |match_mask_fu_1068       |   9|          2|  214|        428|
    +-------------------------+----+-----------+-----+-----------+
    |Total                    |  45|         10|  232|        464|
    +-------------------------+----+-----------+-----+-----------+

    * Register: 
    +-----------------------------------+-----+----+-----+-----------+
    |                Name               |  FF | LUT| Bits| Const Bits|
    +-----------------------------------+-----+----+-----+-----------+
    |ap_CS_fsm                          |    1|   0|    1|          0|
    |ap_done_reg                        |    1|   0|    1|          0|
    |ap_enable_reg_pp0_iter1            |    1|   0|    1|          0|
    |ap_enable_reg_pp0_iter2            |    1|   0|    1|          0|
    |ap_loop_exit_ready_pp0_iter1_reg   |    1|   0|    1|          0|
    |icmp_ln112_reg_4800                |    1|   0|    1|          0|
    |icmp_ln113_reg_4809                |    1|   0|    1|          0|
    |icmp_ln113_reg_4809_pp0_iter1_reg  |    1|   0|    1|          0|
    |k_1_reg_4795                       |    8|   0|    8|          0|
    |k_1_reg_4795_pp0_iter1_reg         |    8|   0|    8|          0|
    |k_fu_1072                          |    8|   0|    8|          0|
    |match_mask_fu_1068                 |  214|   0|  214|          0|
    |tmp_9_reg_4814                     |    1|   0|    1|          0|
    +-----------------------------------+-----+----+-----+-----------+
    |Total                              |  247|   0|  247|          0|
    +-----------------------------------+-----+----+-----+-----------+



================================================================
== Interface
================================================================
* Summary: 
+-----------------------+-----+-----+------------+---------------------------------------------------+--------------+
|       RTL Ports       | Dir | Bits|  Protocol  |                   Source Object                   |    C Type    |
+-----------------------+-----+-----+------------+---------------------------------------------------+--------------+
|ap_clk                 |   in|    1|  ap_ctrl_hs|  matcher_engine<957, 214>_Pipeline_match_mask_loop|  return value|
|ap_rst                 |   in|    1|  ap_ctrl_hs|  matcher_engine<957, 214>_Pipeline_match_mask_loop|  return value|
|ap_start               |   in|    1|  ap_ctrl_hs|  matcher_engine<957, 214>_Pipeline_match_mask_loop|  return value|
|ap_done                |  out|    1|  ap_ctrl_hs|  matcher_engine<957, 214>_Pipeline_match_mask_loop|  return value|
|ap_idle                |  out|    1|  ap_ctrl_hs|  matcher_engine<957, 214>_Pipeline_match_mask_loop|  return value|
|ap_ready               |  out|    1|  ap_ctrl_hs|  matcher_engine<957, 214>_Pipeline_match_mask_loop|  return value|
|phi_mul                |   in|   18|     ap_none|                                            phi_mul|        scalar|
|len                    |   in|    8|     ap_none|                                                len|        scalar|
|dec                    |   in|    1|     ap_none|                                                dec|        scalar|
|dec_1                  |   in|    1|     ap_none|                                              dec_1|        scalar|
|dec_2                  |   in|    1|     ap_none|                                              dec_2|        scalar|
|dec_3                  |   in|    1|     ap_none|                                              dec_3|        scalar|
|dec_4                  |   in|    1|     ap_none|                                              dec_4|        scalar|
|dec_5                  |   in|    1|     ap_none|                                              dec_5|        scalar|
|dec_6                  |   in|    1|     ap_none|                                              dec_6|        scalar|
|dec_7                  |   in|    1|     ap_none|                                              dec_7|        scalar|
|dec_8                  |   in|    1|     ap_none|                                              dec_8|        scalar|
|dec_9                  |   in|    1|     ap_none|                                              dec_9|        scalar|
|dec_10                 |   in|    1|     ap_none|                                             dec_10|        scalar|
|dec_11                 |   in|    1|     ap_none|                                             dec_11|        scalar|
|dec_12                 |   in|    1|     ap_none|                                             dec_12|        scalar|
|dec_13                 |   in|    1|     ap_none|                                             dec_13|        scalar|
|dec_14                 |   in|    1|     ap_none|                                             dec_14|        scalar|
|dec_15                 |   in|    1|     ap_none|                                             dec_15|        scalar|
|dec_16                 |   in|    1|     ap_none|                                             dec_16|        scalar|
|dec_17                 |   in|    1|     ap_none|                                             dec_17|        scalar|
|dec_18                 |   in|    1|     ap_none|                                             dec_18|        scalar|
|dec_19                 |   in|    1|     ap_none|                                             dec_19|        scalar|
|dec_20                 |   in|    1|     ap_none|                                             dec_20|        scalar|
|dec_21                 |   in|    1|     ap_none|                                             dec_21|        scalar|
|dec_22                 |   in|    1|     ap_none|                                             dec_22|        scalar|
|dec_23                 |   in|    1|     ap_none|                                             dec_23|        scalar|
|dec_24                 |   in|    1|     ap_none|                                             dec_24|        scalar|
|dec_25                 |   in|    1|     ap_none|                                             dec_25|        scalar|
|dec_26                 |   in|    1|     ap_none|                                             dec_26|        scalar|
|dec_27                 |   in|    1|     ap_none|                                             dec_27|        scalar|
|dec_28                 |   in|    1|     ap_none|                                             dec_28|        scalar|
|dec_29                 |   in|    1|     ap_none|                                             dec_29|        scalar|
|dec_30                 |   in|    1|     ap_none|                                             dec_30|        scalar|
|dec_31                 |   in|    1|     ap_none|                                             dec_31|        scalar|
|dec_32                 |   in|    1|     ap_none|                                             dec_32|        scalar|
|dec_33                 |   in|    1|     ap_none|                                             dec_33|        scalar|
|dec_34                 |   in|    1|     ap_none|                                             dec_34|        scalar|
|dec_35                 |   in|    1|     ap_none|                                             dec_35|        scalar|
|dec_36                 |   in|    1|     ap_none|                                             dec_36|        scalar|
|dec_37                 |   in|    1|     ap_none|                                             dec_37|        scalar|
|dec_38                 |   in|    1|     ap_none|                                             dec_38|        scalar|
|dec_39                 |   in|    1|     ap_none|                                             dec_39|        scalar|
|dec_40                 |   in|    1|     ap_none|                                             dec_40|        scalar|
|dec_41                 |   in|    1|     ap_none|                                             dec_41|        scalar|
|dec_42                 |   in|    1|     ap_none|                                             dec_42|        scalar|
|dec_43                 |   in|    1|     ap_none|                                             dec_43|        scalar|
|dec_44                 |   in|    1|     ap_none|                                             dec_44|        scalar|
|dec_45                 |   in|    1|     ap_none|                                             dec_45|        scalar|
|dec_46                 |   in|    1|     ap_none|                                             dec_46|        scalar|
|dec_47                 |   in|    1|     ap_none|                                             dec_47|        scalar|
|dec_48                 |   in|    1|     ap_none|                                             dec_48|        scalar|
|dec_49                 |   in|    1|     ap_none|                                             dec_49|        scalar|
|dec_50                 |   in|    1|     ap_none|                                             dec_50|        scalar|
|dec_51                 |   in|    1|     ap_none|                                             dec_51|        scalar|
|dec_52                 |   in|    1|     ap_none|                                             dec_52|        scalar|
|dec_53                 |   in|    1|     ap_none|                                             dec_53|        scalar|
|dec_54                 |   in|    1|     ap_none|                                             dec_54|        scalar|
|dec_55                 |   in|    1|     ap_none|                                             dec_55|        scalar|
|dec_56                 |   in|    1|     ap_none|                                             dec_56|        scalar|
|dec_57                 |   in|    1|     ap_none|                                             dec_57|        scalar|
|dec_58                 |   in|    1|     ap_none|                                             dec_58|        scalar|
|dec_59                 |   in|    1|     ap_none|                                             dec_59|        scalar|
|dec_60                 |   in|    1|     ap_none|                                             dec_60|        scalar|
|dec_61                 |   in|    1|     ap_none|                                             dec_61|        scalar|
|dec_62                 |   in|    1|     ap_none|                                             dec_62|        scalar|
|dec_63                 |   in|    1|     ap_none|                                             dec_63|        scalar|
|dec_64                 |   in|    1|     ap_none|                                             dec_64|        scalar|
|dec_65                 |   in|    1|     ap_none|                                             dec_65|        scalar|
|dec_66                 |   in|    1|     ap_none|                                             dec_66|        scalar|
|dec_67                 |   in|    1|     ap_none|                                             dec_67|        scalar|
|dec_68                 |   in|    1|     ap_none|                                             dec_68|        scalar|
|dec_69                 |   in|    1|     ap_none|                                             dec_69|        scalar|
|dec_70                 |   in|    1|     ap_none|                                             dec_70|        scalar|
|dec_71                 |   in|    1|     ap_none|                                             dec_71|        scalar|
|dec_72                 |   in|    1|     ap_none|                                             dec_72|        scalar|
|dec_73                 |   in|    1|     ap_none|                                             dec_73|        scalar|
|dec_74                 |   in|    1|     ap_none|                                             dec_74|        scalar|
|dec_75                 |   in|    1|     ap_none|                                             dec_75|        scalar|
|dec_76                 |   in|    1|     ap_none|                                             dec_76|        scalar|
|dec_77                 |   in|    1|     ap_none|                                             dec_77|        scalar|
|dec_78                 |   in|    1|     ap_none|                                             dec_78|        scalar|
|dec_79                 |   in|    1|     ap_none|                                             dec_79|        scalar|
|dec_80                 |   in|    1|     ap_none|                                             dec_80|        scalar|
|dec_81                 |   in|    1|     ap_none|                                             dec_81|        scalar|
|dec_82                 |   in|    1|     ap_none|                                             dec_82|        scalar|
|dec_83                 |   in|    1|     ap_none|                                             dec_83|        scalar|
|dec_84                 |   in|    1|     ap_none|                                             dec_84|        scalar|
|dec_85                 |   in|    1|     ap_none|                                             dec_85|        scalar|
|dec_86                 |   in|    1|     ap_none|                                             dec_86|        scalar|
|dec_87                 |   in|    1|     ap_none|                                             dec_87|        scalar|
|dec_88                 |   in|    1|     ap_none|                                             dec_88|        scalar|
|dec_89                 |   in|    1|     ap_none|                                             dec_89|        scalar|
|dec_90                 |   in|    1|     ap_none|                                             dec_90|        scalar|
|dec_91                 |   in|    1|     ap_none|                                             dec_91|        scalar|
|dec_92                 |   in|    1|     ap_none|                                             dec_92|        scalar|
|dec_93                 |   in|    1|     ap_none|                                             dec_93|        scalar|
|dec_94                 |   in|    1|     ap_none|                                             dec_94|        scalar|
|dec_95                 |   in|    1|     ap_none|                                             dec_95|        scalar|
|dec_96                 |   in|    1|     ap_none|                                             dec_96|        scalar|
|dec_97                 |   in|    1|     ap_none|                                             dec_97|        scalar|
|dec_98                 |   in|    1|     ap_none|                                             dec_98|        scalar|
|dec_99                 |   in|    1|     ap_none|                                             dec_99|        scalar|
|dec_100                |   in|    1|     ap_none|                                            dec_100|        scalar|
|dec_101                |   in|    1|     ap_none|                                            dec_101|        scalar|
|dec_102                |   in|    1|     ap_none|                                            dec_102|        scalar|
|dec_103                |   in|    1|     ap_none|                                            dec_103|        scalar|
|dec_104                |   in|    1|     ap_none|                                            dec_104|        scalar|
|dec_105                |   in|    1|     ap_none|                                            dec_105|        scalar|
|dec_106                |   in|    1|     ap_none|                                            dec_106|        scalar|
|dec_107                |   in|    1|     ap_none|                                            dec_107|        scalar|
|dec_108                |   in|    1|     ap_none|                                            dec_108|        scalar|
|dec_109                |   in|    1|     ap_none|                                            dec_109|        scalar|
|dec_110                |   in|    1|     ap_none|                                            dec_110|        scalar|
|dec_111                |   in|    1|     ap_none|                                            dec_111|        scalar|
|dec_112                |   in|    1|     ap_none|                                            dec_112|        scalar|
|dec_113                |   in|    1|     ap_none|                                            dec_113|        scalar|
|dec_114                |   in|    1|     ap_none|                                            dec_114|        scalar|
|dec_115                |   in|    1|     ap_none|                                            dec_115|        scalar|
|dec_116                |   in|    1|     ap_none|                                            dec_116|        scalar|
|dec_117                |   in|    1|     ap_none|                                            dec_117|        scalar|
|dec_118                |   in|    1|     ap_none|                                            dec_118|        scalar|
|dec_119                |   in|    1|     ap_none|                                            dec_119|        scalar|
|dec_120                |   in|    1|     ap_none|                                            dec_120|        scalar|
|dec_121                |   in|    1|     ap_none|                                            dec_121|        scalar|
|dec_122                |   in|    1|     ap_none|                                            dec_122|        scalar|
|dec_123                |   in|    1|     ap_none|                                            dec_123|        scalar|
|dec_124                |   in|    1|     ap_none|                                            dec_124|        scalar|
|dec_125                |   in|    1|     ap_none|                                            dec_125|        scalar|
|dec_126                |   in|    1|     ap_none|                                            dec_126|        scalar|
|dec_127                |   in|    1|     ap_none|                                            dec_127|        scalar|
|dec_128                |   in|    1|     ap_none|                                            dec_128|        scalar|
|dec_129                |   in|    1|     ap_none|                                            dec_129|        scalar|
|dec_130                |   in|    1|     ap_none|                                            dec_130|        scalar|
|dec_131                |   in|    1|     ap_none|                                            dec_131|        scalar|
|dec_132                |   in|    1|     ap_none|                                            dec_132|        scalar|
|dec_133                |   in|    1|     ap_none|                                            dec_133|        scalar|
|dec_134                |   in|    1|     ap_none|                                            dec_134|        scalar|
|dec_135                |   in|    1|     ap_none|                                            dec_135|        scalar|
|dec_136                |   in|    1|     ap_none|                                            dec_136|        scalar|
|dec_137                |   in|    1|     ap_none|                                            dec_137|        scalar|
|dec_138                |   in|    1|     ap_none|                                            dec_138|        scalar|
|dec_139                |   in|    1|     ap_none|                                            dec_139|        scalar|
|dec_140                |   in|    1|     ap_none|                                            dec_140|        scalar|
|dec_141                |   in|    1|     ap_none|                                            dec_141|        scalar|
|dec_142                |   in|    1|     ap_none|                                            dec_142|        scalar|
|dec_143                |   in|    1|     ap_none|                                            dec_143|        scalar|
|dec_144                |   in|    1|     ap_none|                                            dec_144|        scalar|
|dec_145                |   in|    1|     ap_none|                                            dec_145|        scalar|
|dec_146                |   in|    1|     ap_none|                                            dec_146|        scalar|
|dec_147                |   in|    1|     ap_none|                                            dec_147|        scalar|
|dec_148                |   in|    1|     ap_none|                                            dec_148|        scalar|
|dec_149                |   in|    1|     ap_none|                                            dec_149|        scalar|
|dec_150                |   in|    1|     ap_none|                                            dec_150|        scalar|
|dec_151                |   in|    1|     ap_none|                                            dec_151|        scalar|
|dec_152                |   in|    1|     ap_none|                                            dec_152|        scalar|
|dec_153                |   in|    1|     ap_none|                                            dec_153|        scalar|
|dec_154                |   in|    1|     ap_none|                                            dec_154|        scalar|
|dec_155                |   in|    1|     ap_none|                                            dec_155|        scalar|
|dec_156                |   in|    1|     ap_none|                                            dec_156|        scalar|
|dec_157                |   in|    1|     ap_none|                                            dec_157|        scalar|
|dec_158                |   in|    1|     ap_none|                                            dec_158|        scalar|
|dec_159                |   in|    1|     ap_none|                                            dec_159|        scalar|
|dec_160                |   in|    1|     ap_none|                                            dec_160|        scalar|
|dec_161                |   in|    1|     ap_none|                                            dec_161|        scalar|
|dec_162                |   in|    1|     ap_none|                                            dec_162|        scalar|
|dec_163                |   in|    1|     ap_none|                                            dec_163|        scalar|
|dec_164                |   in|    1|     ap_none|                                            dec_164|        scalar|
|dec_165                |   in|    1|     ap_none|                                            dec_165|        scalar|
|dec_166                |   in|    1|     ap_none|                                            dec_166|        scalar|
|dec_167                |   in|    1|     ap_none|                                            dec_167|        scalar|
|dec_168                |   in|    1|     ap_none|                                            dec_168|        scalar|
|dec_169                |   in|    1|     ap_none|                                            dec_169|        scalar|
|dec_170                |   in|    1|     ap_none|                                            dec_170|        scalar|
|dec_171                |   in|    1|     ap_none|                                            dec_171|        scalar|
|dec_172                |   in|    1|     ap_none|                                            dec_172|        scalar|
|dec_173                |   in|    1|     ap_none|                                            dec_173|        scalar|
|dec_174                |   in|    1|     ap_none|                                            dec_174|        scalar|
|dec_175                |   in|    1|     ap_none|                                            dec_175|        scalar|
|dec_176                |   in|    1|     ap_none|                                            dec_176|        scalar|
|dec_177                |   in|    1|     ap_none|                                            dec_177|        scalar|
|dec_178                |   in|    1|     ap_none|                                            dec_178|        scalar|
|dec_179                |   in|    1|     ap_none|                                            dec_179|        scalar|
|dec_180                |   in|    1|     ap_none|                                            dec_180|        scalar|
|dec_181                |   in|    1|     ap_none|                                            dec_181|        scalar|
|dec_182                |   in|    1|     ap_none|                                            dec_182|        scalar|
|dec_183                |   in|    1|     ap_none|                                            dec_183|        scalar|
|dec_184                |   in|    1|     ap_none|                                            dec_184|        scalar|
|dec_185                |   in|    1|     ap_none|                                            dec_185|        scalar|
|dec_186                |   in|    1|     ap_none|                                            dec_186|        scalar|
|dec_187                |   in|    1|     ap_none|                                            dec_187|        scalar|
|dec_188                |   in|    1|     ap_none|                                            dec_188|        scalar|
|dec_189                |   in|    1|     ap_none|                                            dec_189|        scalar|
|dec_190                |   in|    1|     ap_none|                                            dec_190|        scalar|
|dec_191                |   in|    1|     ap_none|                                            dec_191|        scalar|
|dec_192                |   in|    1|     ap_none|                                            dec_192|        scalar|
|dec_193                |   in|    1|     ap_none|                                            dec_193|        scalar|
|dec_194                |   in|    1|     ap_none|                                            dec_194|        scalar|
|dec_195                |   in|    1|     ap_none|                                            dec_195|        scalar|
|dec_196                |   in|    1|     ap_none|                                            dec_196|        scalar|
|dec_197                |   in|    1|     ap_none|                                            dec_197|        scalar|
|dec_198                |   in|    1|     ap_none|                                            dec_198|        scalar|
|dec_199                |   in|    1|     ap_none|                                            dec_199|        scalar|
|dec_200                |   in|    1|     ap_none|                                            dec_200|        scalar|
|dec_201                |   in|    1|     ap_none|                                            dec_201|        scalar|
|dec_202                |   in|    1|     ap_none|                                            dec_202|        scalar|
|dec_203                |   in|    1|     ap_none|                                            dec_203|        scalar|
|dec_204                |   in|    1|     ap_none|                                            dec_204|        scalar|
|dec_205                |   in|    1|     ap_none|                                            dec_205|        scalar|
|dec_206                |   in|    1|     ap_none|                                            dec_206|        scalar|
|dec_207                |   in|    1|     ap_none|                                            dec_207|        scalar|
|dec_208                |   in|    1|     ap_none|                                            dec_208|        scalar|
|dec_209                |   in|    1|     ap_none|                                            dec_209|        scalar|
|dec_210                |   in|    1|     ap_none|                                            dec_210|        scalar|
|dec_211                |   in|    1|     ap_none|                                            dec_211|        scalar|
|dec_212                |   in|    1|     ap_none|                                            dec_212|        scalar|
|dec_213                |   in|    1|     ap_none|                                            dec_213|        scalar|
|dec_214                |   in|    1|     ap_none|                                            dec_214|        scalar|
|dec_215                |   in|    1|     ap_none|                                            dec_215|        scalar|
|dec_216                |   in|    1|     ap_none|                                            dec_216|        scalar|
|dec_217                |   in|    1|     ap_none|                                            dec_217|        scalar|
|dec_218                |   in|    1|     ap_none|                                            dec_218|        scalar|
|dec_219                |   in|    1|     ap_none|                                            dec_219|        scalar|
|dec_220                |   in|    1|     ap_none|                                            dec_220|        scalar|
|dec_221                |   in|    1|     ap_none|                                            dec_221|        scalar|
|dec_222                |   in|    1|     ap_none|                                            dec_222|        scalar|
|dec_223                |   in|    1|     ap_none|                                            dec_223|        scalar|
|dec_224                |   in|    1|     ap_none|                                            dec_224|        scalar|
|dec_225                |   in|    1|     ap_none|                                            dec_225|        scalar|
|dec_226                |   in|    1|     ap_none|                                            dec_226|        scalar|
|dec_227                |   in|    1|     ap_none|                                            dec_227|        scalar|
|dec_228                |   in|    1|     ap_none|                                            dec_228|        scalar|
|dec_229                |   in|    1|     ap_none|                                            dec_229|        scalar|
|dec_230                |   in|    1|     ap_none|                                            dec_230|        scalar|
|dec_231                |   in|    1|     ap_none|                                            dec_231|        scalar|
|dec_232                |   in|    1|     ap_none|                                            dec_232|        scalar|
|dec_233                |   in|    1|     ap_none|                                            dec_233|        scalar|
|dec_234                |   in|    1|     ap_none|                                            dec_234|        scalar|
|dec_235                |   in|    1|     ap_none|                                            dec_235|        scalar|
|dec_236                |   in|    1|     ap_none|                                            dec_236|        scalar|
|dec_237                |   in|    1|     ap_none|                                            dec_237|        scalar|
|dec_238                |   in|    1|     ap_none|                                            dec_238|        scalar|
|dec_239                |   in|    1|     ap_none|                                            dec_239|        scalar|
|dec_240                |   in|    1|     ap_none|                                            dec_240|        scalar|
|dec_241                |   in|    1|     ap_none|                                            dec_241|        scalar|
|dec_242                |   in|    1|     ap_none|                                            dec_242|        scalar|
|dec_243                |   in|    1|     ap_none|                                            dec_243|        scalar|
|dec_244                |   in|    1|     ap_none|                                            dec_244|        scalar|
|dec_245                |   in|    1|     ap_none|                                            dec_245|        scalar|
|dec_246                |   in|    1|     ap_none|                                            dec_246|        scalar|
|dec_247                |   in|    1|     ap_none|                                            dec_247|        scalar|
|dec_248                |   in|    1|     ap_none|                                            dec_248|        scalar|
|dec_249                |   in|    1|     ap_none|                                            dec_249|        scalar|
|dec_250                |   in|    1|     ap_none|                                            dec_250|        scalar|
|dec_251                |   in|    1|     ap_none|                                            dec_251|        scalar|
|dec_252                |   in|    1|     ap_none|                                            dec_252|        scalar|
|dec_253                |   in|    1|     ap_none|                                            dec_253|        scalar|
|dec_254                |   in|    1|     ap_none|                                            dec_254|        scalar|
|dec_255                |   in|    1|     ap_none|                                            dec_255|        scalar|
|match_mask_out         |  out|  214|      ap_vld|                                     match_mask_out|       pointer|
|match_mask_out_ap_vld  |  out|    1|      ap_vld|                                     match_mask_out|       pointer|
+-----------------------+-----+-----+------------+---------------------------------------------------+--------------+

